Rd, Dd, Dd, Dd, Dd, Dd^Edp, Dd, Dd, Dd, Dd, Dd, Dd, Hd, Hd, Hd, Dd, Dd, Dd, Dd, Dd, Dd, Hd, Hd, Hd, Hd, Dd, Dd, Dd, Dd, Dd, Dd, Dd, Hd, Dd, Hd, Dd, Hd, Dd, Dd, Dd, Dd^Edb, Dd, Dd, Dd
Dd, Rd, Rd, Dd, Rd, Dd, Dd, Dd, Dd, Dd, Dd, Hd, Hd, Dd, Dd, Dd, Dd^Edb, Dd^Edpp, Dd, Dd, Hd, Hd, Dd, Hd, Dd, Dd, Dd, Dd, Dd, Dd, Dd, Hd, Hd, Hd, Hd, Hd, Hd, Dd, Dd, Dd, Dd^Edb, Dd, Dd, Dd
Dd, Dd, Dd, Rd, Dd, Rd, Rd, Dd, Dd, Dd, Hd, Hd, Dd, Dd, Dd, Dd, Dd, Dd, Hd, Dd, Dd, Dd, Dd, Dd, Hd, Dd, Hd, Dd^Es, Dd^Es, Dd^Vdt, Dd, Hd, Dd, Hd, Hd, Hd, Hd, Dd, Rd, Dd^Edb, Dd^Edb, Dd, Hd, Dd
Hd, Dd, Dd^Es, Dd, Dd^Vdt, Dd, Rd, Dd, Dd, Hd, Dd, Hd, Dd, Dd^Vdt, Dd, Dd, Hd, Hd, Dd^Dc, Dd, Dd^Vdt, Dd, Dd, Dd^Edp, Hd, Hd, Hd, Dd, Dd, Dd, Dd, Dd, Hd, Hd, Hd, Dd, Dd^Edb, Dd^Edb, Re, Rd^Edb, Dd, Dd, Hd, Hd
Hd, Hd, Dd^Edb, Dd^Edpp, Dd^Edb, Dd, Dd, Rd, Dd, Dd, Dd^Edp, Dd, Dd, Dd, Hd, Dd, Hd, Hd, Dd, Dd, Dd, Dd, Hd, Dd, Hd, Hd, Hd, Hd, Hd, Hd, Dd, Dd^Do, Dd^Edb, Hd, Hd, Dd, Rd, Re^Edb, Re^Ecf, Re, Hd, Hd, Hd, Hd
Re^Edb, Re, Cer, Cer, Cer, Re^Edb, Re^Ecf, Rd, Dd, Dd, Dd, Dd, Dd, Dd, Hd, Hd, Hd, Hd, Hd, Dd, Dd, Dd, Dd, Hd, Hd, Hd, Hd, Dd, Hd, Hd, Dd, Dd, Dd, Hd, Dd^Edpp, Dd, Cer, Re^Edb, Re, Rd, Hd, Hd, Hd, Hd
Re^Edb, Re^Edb, Cer, 6 Ke, Cer, Re^Edb, Re^Edb, Rd^Edb, Dd^Edb, Dd^Edb, Dd, Dd, Dd, Hd, Dd, Hd, Dd, Dd, Dd, Dd, Dd, Dd, Hd, Hd, Dd, Dd, Dd^Edpp, Dd, Dd, Dd^Edpp, Dd, Dd, Dd, Dd^Edb, Rd^Edb, Cer, 3 Ke, Cer, Re^Edb, Hd, Hd, Hd, Hd, Hd
Dd^Edb, Re^Edb, Dd^Edb, Cer, Dd^Edb, Re, Dd, Rd^Edb, Rd, Dd, Dd, Dd, Dd, Dd, Dd, Dd, Dd, Dd, Dd, Dd, Dd^Es, Dd, Dd, Dd, Dd, Dd^Edp, Dd, Dd, Dd, Dd, Dd, Dd^Edb, Dd, Dd^Edb, Dd^Edb, Cer, Cer, Cer, Dd^Edb, Dd^Edb, Hd, Hd, Dd, Hd
Dd, Dd, Hd, Hd, Dd, Dd^Vdt, Dd, Dd, Rd, Dd, Dd^Edb, Dd, Dd, Dd^Es, Dd, Dd, Dd, Dd, Dd^Edb, Dd, Dd, Dd, Dd, Dd, Dd, Dd, Dd, Dd, Dd, Dd, Dd, Dd, Dd, Dd, Dd, Dd, Dd, Dd^Edb, Dd^Edb, Dd^Edb, Dd, Dd, Hd, Hd
Hd, Hd, Hd, Dd, Dd, Dd, Dd, Dd, Dd, Rd, Dd, Dd, Dd, Dd, Dd, Dd, Dd, Dd, Cd, Dd, Rd, Dd, Cdr, Dd, Dd^Edp, Dd, Dd, Dd, Dd, Dd^Dc, Hd, Dd, Ds, Dd, Dd, Dd^Vdt, Dd, Dd, Dd, Dd, Dd, Hd, Hd, Hd
Hd, Hd, Hd, Hd, Hd, Hd, Hd, Hd, Dd, Rd, Rd, Dd, Dd, Rd, Cd, Rd, Rd, Cd, Rd, Kd, Rd, Dd, Cd, Cdr, Ds, Dd, Dd, Dd, Dd, Dd, Dd, Hd, Hd, Hd, Hd, Hd, Dd, Ds, Dd, Dd, Hd, Hd, Dd, Dd
Dd, Hd, Hd, Hd, Dd, Hd, Dd, Dd, Dd, Dd, Rd, Dd, Ds, Rd, Dd, Rd, Dd^Vdt, Dd, Ds^Edpp, Rd, Ds, Rd^Es, Rd^Esd, Dd^Vda, Cd, Rd, Rd, Dd, Dd, Dd, Dd, Hd, Hd, Hd, Dd, Dd, Ds, Ds, Dd, Dd^Edp, Dd, Dd, Dd^Edb, Dd
Hd, Hd, Dd, Dd, Dd, Dd, Dd, Dd, Dd, Dd, Dd, Rd, Rd, Rd^Esd, Rd, Rd, Ds^Ewsh, Ds, Wwt, Ds^Ewsh, Ds^Vda, Rd, Rd, Ds, Kd, Cd, Ds, Dd, Dd, Dd, Hd, Hd, Dd, Hd, Dd, Dd, Ds, Dd, Dd, Dd, Dd, Dd, Dd, Dd^Edp
Hd, Hd, Dd, Dd, Dd, Dd, Dd, Dd, Dd, Dd, Dd^Do, Rd, Cd, Rd, Dd, Cd, 2 Kd, Wwt, Wot, Wwf, Ds, Rd, Rd, Rd, Rd, Rd^Esd, Rd, Dd^Edb, Dd, Hd, Dd, Hd, Dd, Dd^Es, Dd, Dd, Hd, Dd, Hd, Dd, Dd, Dd, Ds, Dd
Hd, Hd, Dd, Dd^Edpp, Dd, Dd, Dd, Dd, Dd, Dd, Dd, Dd, Rd, Rd, Dd^Vdt, Ds^Ewsh, Wwt, Wot^Bh\, Wwt^Bh\, Cd, Cd, Rd, Rrd, Rd, Rrd^Vda, Rd, Cd, Rd, Dd, Dd, Dd, Dd, Dd, Dd, Dd, Dd, Hd, Hd, Dd, Dd, Dd, Dd, Dd, Dd^Edb
Hd, Hd, Hd, Hd, Dd, Dd, Dd, Dd, Dd, Dd, Dd, Dd, Dd, Rd, Ds, Ds^Edpp, Wwt, Wot, Cd, 1 Kd, Rrd, Rrd, Rrd, Rrd, Rd, Rd^Es, Rd^Esd, Dd^Edp, Dd, Dd, Dd, Dd, Dd, Dd, Hd, Hd, Hd, Dd, Dd, Dd, Dd^Edp, Dd, Dd, Dd
Hd, Hd, Dd^Edp, Dd^Vdt, Dd, Dd, Dd, Hd, Dd, Dd^Edpp, Dd, Dd, Rd, Cdr, Ds, Wwf, Ds^Edpp, Wwf, Ds, Cd, Rrd, Rrd^Esd, Rrd, Rrd^Esd, Rd^Esd, Rd, Dd, Dd, Dd, Dd, Dd, Dd, Dd, Dd^Edpp, Hd, Hd, Hd, Dd, Dd, Dd, Dd, Dd, Dd, Dd
Dd^Edb, Hd, Dd, Dd, Dd, Dd, Hd, Hd, Dd, Dd, Dd, Dd, Ds, Cd, Kd, Ds, Rd^Esd, Ds^Vda, Rd, Rd, Rrd, Rrd^Esd, Rrd, Rrd, Kd, Cdr, Rd, Dd, Dd, Dd, Dd, Dd, Dd, Hd, Dd, Dd, Dd, Dd, Dd, Dd, Dd^Edp, Hd, Hd, Hd
Dd, Dd, Dd, Dd, Hd, Hd, Hd, Hd, Hd, Dd, Dd, Dd, Dd, Rd, Rd^Esd, Rd, Rd, Rd, Rd, Rd, Rd, Rrd, Dd, Rd^Esd, Cd, Cd, Rd, Dd, Dd, Hd, Hd, Dd, Dd, Dd, Ds, Ds, Ds, Dd, Hd, Dd, Hd, Hd, Hd, Hd
Dd, Dd, Dd, Dd, Dd, Dd, Hd, Dd, Dd, Dd, Dd, Dd, Hd, Dd, Rd, Cd, Cd, Rd, Ds, Rd, Rd, Rrd^Vda, Rd, Rd, Dd, Rd, Dd, Dd, Dd, Hd, Hd, Hd, Dd, Dd, Ds, Dd^Vdt, Dd, Dd, Hd, Hd, Hd, Hd, Hd, Dd
Dd, Dd, Dd, Dd, Dd, Dd, Dd, Dd, Dd, Dd, Hd, Hd, Dd, Dd, Dd, Rd^Esd, Rd, Dd^Vda, Cd, Kd, Cd, Dd, Cdr, Cd, Dd, Dd, Dd, Dd, Hd, Hd, Hd, Dd, Dd, Ds, Ds^Edb, Ds, Dd, Dd, Hd, Hd, Dd, Dd^Edpp, Dd, Dd
Dd, Dd, Hd, Dd, Dd, Dd, Rd, Dd^Vdt, Dd, Dd^Edp, Dd^Es, Hd, Hd, Dd, Dd, Dd, Dd, Ds, Rd, Rd, Dd, Rd, Rd, Rd, Dd, Dd, Dd, Dd, Dd, Dd, Dd, Dd, Dd^Edb, Dd^Edb, Dd^Edb, Dd, Dd, Dd, Dd, Hd, Dd, Dd, Dd, Dd^Dc
Hd, Hd, Hd, Dd, Hd, Dd, Dd, Dd, Dd, Dd, Dd, Dd, Dd, Dd, Dd^Edpp, Dd, Dd, Dd, Dd, Dd, Dd, Dd, Dd, Dd, Dd, Dd, Dd, Dd, Dd, Dd, Dd^Es, Dd, Dd^Ecf, Dd^Edb, Cer, Cer, Cer, Dd^Edb, Dd^Edb, Dd, Dd, Dd, Hd, Dd
Hd, Hd, Dd, Hd, Dd, Dd, Dd, Dd, Dd, Dd, Hd, Dd, Rd, Rd, Dd, Dd, Dd, Dd, Hd, Dd, Hd, Dd, Dd, Dd, Dd, Hd, Hd, Hd, Dd, Dd, Dd, Dd^Edb, Dd^Edb, Dd^Edp, Cer, 4 Ke, Cer, Rd^Edb, Dd^Edb, Hd, Hd, Hd, Mdd, Hd
Dd, Dd, Rd, Dd, Dd, Dd, Hd, Hd, Hd, Hd, Dd, Dd, Rd, Rd, Dd, Dd, Hd, Hd, Hd, Dd, Dd, Dd^Dc, Dd, Dd, Hd, Hd, Dd, Hd, Dd^Dc, Dd, Dd, Dd^Vdt, Dd, Re^Edb, Re, Cer, Rb, Rd, Hd, Hd, Mdd, Mdd, Mdd, Mdd
Dd, Dd, Rd, Dd, Dd, Hd, Hd, Hd, Hd, Hd, Hd, Dd, Dd, Dd, Dd, Dd, Dd, Dd, Dd, Dd, Dd, Dd, Dd, Hd, Hd, Hd, Dd, Dd^Es, Dd, Dd, Dd, Dd, Dd^Edb, Dd^Edb, Re^Edb, Rb, Rd, Hd, Hd, Mdd, Hd, Mdd, Mdd, Mdd
Dd, Rd, Dd, Dd, Dd, Hd, Dd, Dd, Dd, Dd, Dd, Dd^Vdt, Dd^Do, Dd, Dd, Dd, Dd, Dd, Dd^Vdt, Dd, Dd, Dd, Dd, Dd, Hd, Dd, Dd, Dd, Dd, Dd, Hd, Hd, Dd, Dd, Dd, Re^Ecf, Rd, Hd, Dd, Hd, Dd, Hd, Hd, Hd
Dd, Dd, Dd, Dd, Dd, Dd, Dd, Dd, Dd, Dd^Edp, Dd, Dd, Dd, Dd, Dd, Dd, Dd, Dd, Dd, Dd, Dd^Edb, Dd, Dd, Dd^Edb, Dd, Dd, Dd, Dd, Hd, Dd, Mdd, Mdd, Mdd, Hd, Hd, Rd, Dd, Rd, Dd, Dd, Dd, Hd, Dd^Edb, Dd
Dd, Dd, Dd, Dd, Dd, Dd, Dd, Dd^Es, Dd, Dd, Dd, Dd, Hd, Dd, Mdd, Hd, Dd, Dd, Dd, Dd^Edb, Dd^Edb, Dd, Dd, Dd, Dd, Dd, Dd^Vdt, Dd, Dd, Hd, Hd, Mdd, Hd, Mdd, Dd, Dd, Dd, Dd, Dd, Dd, Dd, Dd, Ds, Dd
Dd, Dd, Hd, Hd, Hd, Hd, Dd, Dd, Dd, Dd, Dd, Dd, Dd, Hd, Mdd, Hd, Dd^Edb, Dd^Edb, Dd^Edb, Dd, Dd, Dd, Dd^Edpp, Dd, Dd, Dd, Dd, Dd, Hd, Hd, Dd, Dd, Dd, Hd, Dd, Dd^Dc, Dd, Dd^Vdt, Dd, Dd, Dd, Dd, Dd, Dd
Hd, Hd, Hd, Hd, Hd, Dd, Ds, Dd, Dd, Dd, Dd, Dd, Hd, Mdd, Hd, Dd^Edb, Rd, Dd^Edb, Cer, Cer, Cer, Dd^Edb, Dd, Dd, Hd, Dd, Dd, Dd, Dd^Edb, Dd, Cdr, Dd, Dd, Hd, Dd^Edp, Dd, Dd, Dd, Dd^Edp, Dd, Hd, Dd, Dd, Dd
Hd, Hd, Hd, Hd, Cd^Vda, Dd, Dd, Dd, Dd, Dd, Hd, Hd, Hd, Mdd, Hd, Dd^Edb, Re^Ecf, Re^Edb, Cer, 5 Ke, Cer, Dd^Edb, Dd, Hd, Hd, Dd, Hd, Dd, Dd, Dd, Cdr, Cdr, Dd, Dd, Dd, Dd, Dd, Hd, Mdd, Mdd, Hd, Dd, Dd, Dd
Hd, Hd, Hd, Hd, Dd, Hd, Dd, Dd, Dd, Dd, Dd, Hd, Dd, Dd, Dd, Dd, Rd^Edb, Re, Dd^Edpp, Cer, Dd^Edb, Dd^Edb, Hd, Hd, Dd^Edpp, Hd, Dd, Dd, Dd, Dd, Dd, Dd, Dd, Dd, Dd, Dd, Dd, Dd, Hd, Mdd, Dd, Dd, Hd, Hd
Dd, Dd, Dd, Dd, Dd^Do, Dd, Dd, Dd, Dd, Dd, Dd, Dd, Dd, Dd, Dd, Rd, Dd^Edb, Re, Rd, Rd, Dd^Edb, Hd, Dd, Dd, Dd, Dd^Dc, Ds, Dd, Dd, Dd, Dd, Dd, Hd, Hd, Hd, Hd, Hd, Hd, Hd, Dd, Hd, Dd, Hd, Hd
Dd, Dd, Dd, Dd, Hd, Dd, Hd, Hd, Hd, Dd, Hd, Dd, Dd, Dd, Dd, Dd, Dd^Edp, Dd, Rd, Dd^Edb, Dd, Dd, Hd, Hd, Hd, Dd, Hd, Hd, Hd, Hd, Hd, Hd, Hd, Mdd, Mdd, Hd, Mdd, Mdd, Mdd, Hd, Mdd, Hd, Mdd, Mdd
Dd, Dd, Dd, Dd, Dd, Hd, Mdd, Mdd, Mdd, Hd, Dd, Hd, Dd, Dd, Dd, Dd, Dd, Dd, Dd, Dd, Dd, Dd, Dd, Hd, Dd, Hd, Dd, Hd, Dd, Hd, Dd, Mdd, Mdd, Mdd, Dd, Mdd, Mdd, Mdd, Mdd, Mdd, Mdd, Mdd, Mdd, Mdd
